// Jest Snapshot v1, https://goo.gl/fbAQLP

exports[`replaceCustomScalars 1`] = `
"schema {
  query: Query
  mutation: Mutation
}

type Query {
  landpad(id: ID!): Landpad
}

type Mutation {
  createLandpad(landpad: LandpadInput!): Landpad
}

scalar JSON

scalar hasura_geography

type Landpad {
  attempted_landings: String
  details: String
  full_name: String
  id: ID
  landing_type: String
  location: Location
  status: String
  successful_landings: String
  wikipedia: String
  geo: Geography
}

type Pod {
  id: ID
  geo: hasura_geography
}

type Capsule {
  id: ID
  location: Location
}

input LandpadInput {
  attempted_landings: String
  details: String
  full_name: String
  id: ID
  landing_type: String
  location: LocationInput
  status: String
  successful_landings: String
  wikipedia: String
  geo: GeographyInput
}

type Location {
  latitude: Float
  longitude: Float
  name: String
  region: String
}

input LocationInput {
  latitude: Float
  longitude: Float
  name: String
  region: String
}

type Geography {
  lat: Float
  lng: Float
}

input GeographyInput {
  lat: Float
  lng: Float
}"
`;
