// Jest Snapshot v1, https://goo.gl/fbAQLP

exports[`introspection via http 1`] = `[Function]`;

exports[`introspection via string 1`] = `[Function]`;
