// Jest Snapshot v1, https://goo.gl/fbAQLP

exports[`Should be merged: merged_apis 1`] = `
"{
  \\"DefaultFlushInterval\\": 500,
  \\"Schema\\": \\"directive @fromClaim(name: Claim) on VARIABLE_DEFINITION\\\\n\\\\ndirective @hooksVariable on VARIABLE_DEFINITION\\\\n\\\\ndirective @jsonSchema(\\\\n  \\\\\\"\\\\\\"\\\\\\"\\\\n  The value of both of these keywords MUST be a string.\\\\n  \\\\n  Both of these keywords can be used to decorate a user interface with\\\\n  information about the data produced by this user interface.  A title\\\\n  will preferably be short, whereas a description will provide\\\\n  explanation about the purpose of the instance described by this\\\\n  schema.\\\\n  \\\\\\"\\\\\\"\\\\\\"\\\\n  title: String\\\\n  \\\\\\"\\\\\\"\\\\\\"\\\\n  The value of both of these keywords MUST be a string.\\\\n  \\\\n  Both of these keywords can be used to decorate a user interface with\\\\n  information about the data produced by this user interface.  A title\\\\n  will preferably be short, whereas a description will provide\\\\n  explanation about the purpose of the instance described by this\\\\n  schema.\\\\n  \\\\\\"\\\\\\"\\\\\\"\\\\n  description: String\\\\n  \\\\\\"\\\\\\"\\\\\\"\\\\n  The value of \\\\\\"multipleOf\\\\\\" MUST be a number, strictly greater than 0.\\\\n  \\\\n  A numeric instance is valid only if division by this keyword's value\\\\n  results in an integer.\\\\n  \\\\\\"\\\\\\"\\\\\\"\\\\n  multipleOf: Int\\\\n  \\\\\\"\\\\\\"\\\\\\"\\\\n  The value of \\\\\\"maximum\\\\\\" MUST be a number, representing an inclusive\\\\n  upper limit for a numeric instance.\\\\n  \\\\n  If the instance is a number, then this keyword validates only if the\\\\n  instance is less than or exactly equal to \\\\\\"maximum\\\\\\".\\\\n  \\\\\\"\\\\\\"\\\\\\"\\\\n  maximum: Int\\\\n  \\\\\\"\\\\\\"\\\\\\"\\\\n  The value of \\\\\\"exclusiveMaximum\\\\\\" MUST be number, representing an\\\\n  exclusive upper limit for a numeric instance.\\\\n  \\\\n  If the instance is a number, then the instance is valid only if it\\\\n  has a value strictly less than (not equal to) \\\\\\"exclusiveMaximum\\\\\\".\\\\n  \\\\\\"\\\\\\"\\\\\\"\\\\n  exclusiveMaximum: Int\\\\n  \\\\\\"\\\\\\"\\\\\\"\\\\n  The value of \\\\\\"minimum\\\\\\" MUST be a number, representing an inclusive\\\\n  lower limit for a numeric instance.\\\\n  \\\\n  If the instance is a number, then this keyword validates only if the\\\\n  instance is greater than or exactly equal to \\\\\\"minimum\\\\\\".\\\\n  \\\\\\"\\\\\\"\\\\\\"\\\\n  minimum: Int\\\\n  \\\\\\"\\\\\\"\\\\\\"\\\\n  The value of \\\\\\"exclusiveMinimum\\\\\\" MUST be number, representing an\\\\n  exclusive lower limit for a numeric instance.\\\\n  \\\\n  If the instance is a number, then the instance is valid only if it\\\\n  has a value strictly greater than (not equal to) \\\\\\"exclusiveMinimum\\\\\\".\\\\n  \\\\\\"\\\\\\"\\\\\\"\\\\n  exclusiveMinimum: Int\\\\n  \\\\\\"\\\\\\"\\\\\\"\\\\n  The value of this keyword MUST be a non-negative integer.\\\\n  \\\\n  A string instance is valid against this keyword if its length is less\\\\n  than, or equal to, the value of this keyword.\\\\n  \\\\n  The length of a string instance is defined as the number of its\\\\n  characters as defined by RFC 7159 [RFC7159].\\\\n  \\\\\\"\\\\\\"\\\\\\"\\\\n  maxLength: Int\\\\n  \\\\\\"\\\\\\"\\\\\\"\\\\n  The value of this keyword MUST be a non-negative integer.\\\\n  \\\\n  A string instance is valid against this keyword if its length is\\\\n  greater than, or equal to, the value of this keyword.\\\\n  \\\\n  The length of a string instance is defined as the number of its\\\\n  characters as defined by RFC 7159 [RFC7159].\\\\n  \\\\n  Omitting this keyword has the same behavior as a value of 0.\\\\n  \\\\\\"\\\\\\"\\\\\\"\\\\n  minLength: Int\\\\n  \\\\\\"\\\\\\"\\\\\\"\\\\n  The value of this keyword MUST be a string.  This string SHOULD be a\\\\n  valid regular expression, according to the ECMA 262 regular\\\\n  expression dialect.\\\\n  \\\\n  A string instance is considered valid if the regular expression\\\\n  matches the instance successfully.  Recall: regular expressions are\\\\n  not implicitly anchored.\\\\n  \\\\\\"\\\\\\"\\\\\\"\\\\n  pattern: String\\\\n  \\\\\\"\\\\\\"\\\\\\"\\\\n  The value of this keyword MUST be a non-negative integer.\\\\n  \\\\n  An array instance is valid against \\\\\\"maxItems\\\\\\" if its size is less\\\\n  than, or equal to, the value of this keyword.\\\\n  \\\\\\"\\\\\\"\\\\\\"\\\\n  maxItems: Int\\\\n  \\\\\\"\\\\\\"\\\\\\"\\\\n  The value of this keyword MUST be a non-negative integer.\\\\n  \\\\n  An array instance is valid against \\\\\\"minItems\\\\\\" if its size is greater\\\\n  than, or equal to, the value of this keyword.\\\\n  \\\\n  Omitting this keyword has the same behavior as a value of 0.\\\\n  \\\\\\"\\\\\\"\\\\\\"\\\\n  minItems: Int\\\\n  \\\\\\"\\\\\\"\\\\\\"\\\\n  The value of this keyword MUST be a boolean.\\\\n  \\\\n  If this keyword has boolean value false, the instance validates\\\\n  successfully.  If it has boolean value true, the instance validates\\\\n  successfully if all of its elements are unique.\\\\n  \\\\n  Omitting this keyword has the same behavior as a value of false.\\\\n  \\\\\\"\\\\\\"\\\\\\"\\\\n  uniqueItems: Boolean\\\\n  commonPattern: COMMON_REGEX_PATTERN\\\\n) on VARIABLE_DEFINITION\\\\n\\\\n\\\\\\"\\\\\\"\\\\\\"\\\\nThe directive @injectCurrentDateTime injects a DateTime string of the current date and time into the variable.\\\\nThis variable MUST be a string compatible scalar. \\\\n\\\\nThe default format, is: ISO 8601\\\\nIf no format is chosen, the default format is used.\\\\nCustom formats are allowed by specifying a format conforming to the Golang specification for specifying a date time format.\\\\n\\\\\\"\\\\\\"\\\\\\"\\\\ndirective @injectCurrentDateTime(\\\\n  format: WunderGraphDateTimeFormat = ISO8601\\\\n  \\\\\\"\\\\\\"\\\\\\"\\\\n  customFormat must conform to the Golang specification for specifying a date time format\\\\n  \\\\\\"\\\\\\"\\\\\\"\\\\n  customFormat: String\\\\n) on VARIABLE_DEFINITION\\\\n\\\\n\\\\\\"\\\\\\"\\\\\\"\\\\nThe directive @injectGeneratedUUID injects a generated UUID into the variable.\\\\nThis variable MUST be a string.\\\\nAt the same time, it removes the variable from the input definition,\\\\ndisallowing the user to supply it.\\\\n\\\\nThis means, the UUID is 100% generated server-side and can be considered untempered.\\\\n\\\\\\"\\\\\\"\\\\\\"\\\\ndirective @injectGeneratedUUID on VARIABLE_DEFINITION\\\\n\\\\n\\\\\\"\\\\\\"\\\\\\"\\\\nThe @internalOperation Directive marks an Operation as internal.\\\\nBy doing so, the Operation is no longer accessible from the public API.\\\\nIt can only be accessed by internal services, like hooks.\\\\n\\\\\\"\\\\\\"\\\\\\"\\\\ndirective @internalOperation on QUERY | MUTATION | SUBSCRIPTION\\\\n\\\\n\\\\\\"\\\\\\"\\\\\\"\\\\nThe directive @injectEnvironmentVariable allows you to inject an environment variable into the variable definition.\\\\n\\\\\\"\\\\\\"\\\\\\"\\\\ndirective @injectEnvironmentVariable(name: String!) on VARIABLE_DEFINITION\\\\n\\\\n\\\\\\"\\\\\\"\\\\\\"\\\\nThe @export directive instructs the Execution Planner to export the field during the execution into the variable of the 'as' argument.\\\\nAs the execution is depth first, a field can only be used after it has been exported.\\\\nAdditionally, a field can only be used after using the '_join' field or on a different data source.\\\\nIt's not possible to export a field and use it in for the same data source.\\\\n\\\\nNote that the @export directive only works on fields that return a single value.\\\\nIt's not possible to export a list or object field.\\\\n\\\\\\"\\\\\\"\\\\\\"\\\\ndirective @export(\\\\n  \\\\\\"\\\\\\"\\\\\\"The argument 'as' is the name of the variable to export the field to.\\\\\\"\\\\\\"\\\\\\"\\\\n  as: String!\\\\n) on FIELD\\\\n\\\\n\\\\\\"\\\\\\"\\\\\\"\\\\nThe directive @internal marks a variable definition as internal so that clients can't access it.\\\\nThe field is also not visible in the public API.\\\\nIt's only being used as an internal variable to export fields into.\\\\n\\\\\\"\\\\\\"\\\\\\"\\\\ndirective @internal on VARIABLE_DEFINITION\\\\n\\\\n\\\\\\"\\\\\\"\\\\\\"\\\\nThe @transform directive allows to apply transformations to the response.\\\\nBy applying the directive, the shape of the response can be altered,\\\\nwhich will also modify the JSON-Schema of the response.\\\\nThat is, you will keep full type safety and code-generation for transformed fields.\\\\n\\\\\\"\\\\\\"\\\\\\"\\\\ndirective @transform(\\\\n  \\\\\\"\\\\\\"\\\\\\"\\\\n  Using the 'get' transformation allows you to extract a nested field using a JSON path.\\\\n  This is useful to unnest data, e.g. when using the '_join' field, which adds an extra layer of nesting.\\\\n  \\\\n  Example:\\\\n  \\\\n  query GetName {\\\\n      name: me @transform(get: \\\\\\"info.name\\\\\\") {\\\\n          info {\\\\n              name\\\\n          }\\\\n      }\\\\n  }\\\\n  \\\\n  Before the transformation, the resolve looks like this:\\\\n  \\\\n  {\\\\n      \\\\\\"name\\\\\\": {\\\\n          \\\\\\"info\\\\\\": {\\\\n              \\\\\\"name\\\\\\": \\\\\\"John Doe\\\\\\"\\\\n          }\\\\n      }\\\\n  }\\\\n  \\\\n  With the transformation applied, the response will be reshaped like this:\\\\n  \\\\n  {\\\\n      \\\\\\"name\\\\\\": \\\\\\"John Doe\\\\\\"\\\\n  }\\\\n  \\\\\\"\\\\\\"\\\\\\"\\\\n  get: String\\\\n) on FIELD\\\\n\\\\ntype Query {\\\\n  me: User\\\\n  topProducts(first: Int = 5): [Product]\\\\n}\\\\n\\\\ntype User {\\\\n  id: ID!\\\\n  name: String\\\\n  username: String\\\\n  reviews: [Review]\\\\n  _join: Query!\\\\n}\\\\n\\\\ntype Product {\\\\n  upc: String!\\\\n  name: String\\\\n  price: Int\\\\n  weight: Int\\\\n  reviews: [Review]\\\\n  inStock: Boolean\\\\n  shippingEstimate: Int\\\\n  _join: Query!\\\\n}\\\\n\\\\ntype Review {\\\\n  id: ID!\\\\n  body: String\\\\n  author: User\\\\n  product: Product\\\\n  _join: Query!\\\\n}\\\\n\\\\nenum Claim {\\\\n  EMAIL\\\\n  EMAIL_VERIFIED\\\\n  NAME\\\\n  NICKNAME\\\\n  LOCATION\\\\n  PROVIDER\\\\n}\\\\n\\\\nenum COMMON_REGEX_PATTERN {\\\\n  EMAIL\\\\n  DOMAIN\\\\n}\\\\n\\\\nenum WunderGraphDateTimeFormat {\\\\n  \\\\\\"\\\\\\"\\\\\\"2006-01-02T15:04:05-0700\\\\\\"\\\\\\"\\\\\\"\\\\n  ISO8601\\\\n  \\\\\\"\\\\\\"\\\\\\"Mon Jan _2 15:04:05 2006\\\\\\"\\\\\\"\\\\\\"\\\\n  ANSIC\\\\n  \\\\\\"\\\\\\"\\\\\\"Mon Jan _2 15:04:05 MST 2006\\\\\\"\\\\\\"\\\\\\"\\\\n  UnixDate\\\\n  \\\\\\"\\\\\\"\\\\\\"Mon Jan 02 15:04:05 -0700 2006\\\\\\"\\\\\\"\\\\\\"\\\\n  RubyDate\\\\n  \\\\\\"\\\\\\"\\\\\\"02 Jan 06 15:04 MST\\\\\\"\\\\\\"\\\\\\"\\\\n  RFC822\\\\n  \\\\\\"\\\\\\"\\\\\\"02 Jan 06 15:04 -0700\\\\\\"\\\\\\"\\\\\\"\\\\n  RFC822Z\\\\n  \\\\\\"\\\\\\"\\\\\\"Monday, 02-Jan-06 15:04:05 MST\\\\\\"\\\\\\"\\\\\\"\\\\n  RFC850\\\\n  \\\\\\"\\\\\\"\\\\\\"Mon, 02 Jan 2006 15:04:05 MST\\\\\\"\\\\\\"\\\\\\"\\\\n  RFC1123\\\\n  \\\\\\"\\\\\\"\\\\\\"Mon, 02 Jan 2006 15:04:05 -0700\\\\\\"\\\\\\"\\\\\\"\\\\n  RFC1123Z\\\\n  \\\\\\"\\\\\\"\\\\\\"2006-01-02T15:04:05Z07:00\\\\\\"\\\\\\"\\\\\\"\\\\n  RFC3339\\\\n  \\\\\\"\\\\\\"\\\\\\"2006-01-02T15:04:05.999999999Z07:00\\\\\\"\\\\\\"\\\\\\"\\\\n  RFC3339Nano\\\\n  \\\\\\"\\\\\\"\\\\\\"3:04PM\\\\\\"\\\\\\"\\\\\\"\\\\n  Kitchen\\\\n  \\\\\\"\\\\\\"\\\\\\"Jan _2 15:04:05\\\\\\"\\\\\\"\\\\\\"\\\\n  Stamp\\\\n  \\\\\\"\\\\\\"\\\\\\"Jan _2 15:04:05.000\\\\\\"\\\\\\"\\\\\\"\\\\n  StampMilli\\\\n  \\\\\\"\\\\\\"\\\\\\"Jan _2 15:04:05.000000\\\\\\"\\\\\\"\\\\\\"\\\\n  StampMicro\\\\n  \\\\\\"\\\\\\"\\\\\\"Jan _2 15:04:05.000000000\\\\\\"\\\\\\"\\\\\\"\\\\n  StampNano\\\\n}\\",
  \\"DataSources\\": [
    {
      \\"Kind\\": 2,
      \\"RootNodes\\": [
        {
          \\"typeName\\": \\"Query\\",
          \\"fieldNames\\": [
            \\"me\\"
          ]
        }
      ],
      \\"ChildNodes\\": [
        {
          \\"typeName\\": \\"User\\",
          \\"fieldNames\\": [
            \\"id\\",
            \\"name\\",
            \\"username\\"
          ]
        }
      ],
      \\"Custom\\": {
        \\"Federation\\": {
          \\"Enabled\\": true,
          \\"ServiceSDL\\": \\"type Query @extends {   me: User } type User @key(fields: \\\\\\"id\\\\\\") {   id: ID!   name: String   username: String }\\"
        },
        \\"Subscription\\": {
          \\"Enabled\\": false,
          \\"URL\\": {
            \\"kind\\": 0,
            \\"environmentVariableDefaultValue\\": \\"\\",
            \\"environmentVariableName\\": \\"\\",
            \\"placeholderVariableName\\": \\"\\",
            \\"staticVariableContent\\": \\"\\"
          }
        },
        \\"Fetch\\": {
          \\"url\\": {
            \\"kind\\": 0,
            \\"environmentVariableDefaultValue\\": \\"\\",
            \\"environmentVariableName\\": \\"\\",
            \\"placeholderVariableName\\": \\"\\",
            \\"staticVariableContent\\": \\"https://user.service\\"
          },
          \\"baseUrl\\": {
            \\"kind\\": 0,
            \\"environmentVariableDefaultValue\\": \\"\\",
            \\"environmentVariableName\\": \\"\\",
            \\"placeholderVariableName\\": \\"\\",
            \\"staticVariableContent\\": \\"\\"
          },
          \\"path\\": {
            \\"kind\\": 0,
            \\"environmentVariableDefaultValue\\": \\"\\",
            \\"environmentVariableName\\": \\"\\",
            \\"placeholderVariableName\\": \\"\\",
            \\"staticVariableContent\\": \\"\\"
          },
          \\"method\\": 1,
          \\"body\\": {
            \\"kind\\": 0,
            \\"environmentVariableDefaultValue\\": \\"\\",
            \\"environmentVariableName\\": \\"\\",
            \\"placeholderVariableName\\": \\"\\",
            \\"staticVariableContent\\": \\"\\"
          },
          \\"header\\": {},
          \\"query\\": [],
          \\"urlEncodeBody\\": false
        },
        \\"UpstreamSchema\\": \\"\\"
      },
      \\"Directives\\": []
    },
    {
      \\"Kind\\": 2,
      \\"RootNodes\\": [
        {
          \\"typeName\\": \\"Query\\",
          \\"fieldNames\\": [
            \\"topProducts\\"
          ]
        }
      ],
      \\"ChildNodes\\": [
        {
          \\"typeName\\": \\"Product\\",
          \\"fieldNames\\": [
            \\"upc\\",
            \\"name\\",
            \\"price\\",
            \\"weight\\"
          ]
        }
      ],
      \\"Custom\\": {
        \\"Federation\\": {
          \\"Enabled\\": true,
          \\"ServiceSDL\\": \\"type Query @extends {   topProducts(first: Int = 5): [Product] }  type Product @key(fields: \\\\\\"upc\\\\\\") {   upc: String!   name: String   price: Int   weight: Int }\\"
        },
        \\"Subscription\\": {
          \\"Enabled\\": false,
          \\"URL\\": {
            \\"kind\\": 0,
            \\"environmentVariableDefaultValue\\": \\"\\",
            \\"environmentVariableName\\": \\"\\",
            \\"placeholderVariableName\\": \\"\\",
            \\"staticVariableContent\\": \\"\\"
          }
        },
        \\"Fetch\\": {
          \\"url\\": {
            \\"kind\\": 0,
            \\"environmentVariableDefaultValue\\": \\"\\",
            \\"environmentVariableName\\": \\"\\",
            \\"placeholderVariableName\\": \\"\\",
            \\"staticVariableContent\\": \\"https://product.service\\"
          },
          \\"baseUrl\\": {
            \\"kind\\": 0,
            \\"environmentVariableDefaultValue\\": \\"\\",
            \\"environmentVariableName\\": \\"\\",
            \\"placeholderVariableName\\": \\"\\",
            \\"staticVariableContent\\": \\"\\"
          },
          \\"path\\": {
            \\"kind\\": 0,
            \\"environmentVariableDefaultValue\\": \\"\\",
            \\"environmentVariableName\\": \\"\\",
            \\"placeholderVariableName\\": \\"\\",
            \\"staticVariableContent\\": \\"\\"
          },
          \\"method\\": 1,
          \\"query\\": [],
          \\"header\\": {},
          \\"body\\": {
            \\"kind\\": 0,
            \\"environmentVariableDefaultValue\\": \\"\\",
            \\"environmentVariableName\\": \\"\\",
            \\"placeholderVariableName\\": \\"\\",
            \\"staticVariableContent\\": \\"\\"
          },
          \\"urlEncodeBody\\": false
        },
        \\"UpstreamSchema\\": \\"\\"
      },
      \\"Directives\\": []
    },
    {
      \\"Kind\\": 2,
      \\"RootNodes\\": [
        {
          \\"typeName\\": \\"User\\",
          \\"fieldNames\\": [
            \\"reviews\\"
          ]
        },
        {
          \\"typeName\\": \\"Product\\",
          \\"fieldNames\\": [
            \\"reviews\\"
          ]
        }
      ],
      \\"ChildNodes\\": [
        {
          \\"typeName\\": \\"Review\\",
          \\"fieldNames\\": [
            \\"id\\",
            \\"body\\",
            \\"author\\",
            \\"product\\"
          ]
        },
        {
          \\"typeName\\": \\"User\\",
          \\"fieldNames\\": [
            \\"id\\"
          ]
        },
        {
          \\"typeName\\": \\"Product\\",
          \\"fieldNames\\": [
            \\"upc\\"
          ]
        }
      ],
      \\"Custom\\": {
        \\"Federation\\": {
          \\"Enabled\\": true,
          \\"ServiceSDL\\": \\"type Review @key(fields: \\\\\\"id\\\\\\") {   id: ID!   body: String   author: User @provides(fields: \\\\\\"username\\\\\\")   product: Product }  type User @extends @key(fields: \\\\\\"id\\\\\\") {   id: ID! @external   username: String @external   reviews: [Review] }  type Product @extends @key(fields: \\\\\\"upc\\\\\\") {   upc: String! @external   reviews: [Review] }\\"
        },
        \\"Subscription\\": {
          \\"Enabled\\": false,
          \\"URL\\": {
            \\"kind\\": 0,
            \\"environmentVariableDefaultValue\\": \\"\\",
            \\"environmentVariableName\\": \\"\\",
            \\"placeholderVariableName\\": \\"\\",
            \\"staticVariableContent\\": \\"\\"
          }
        },
        \\"Fetch\\": {
          \\"url\\": {
            \\"kind\\": 0,
            \\"environmentVariableDefaultValue\\": \\"\\",
            \\"environmentVariableName\\": \\"\\",
            \\"placeholderVariableName\\": \\"\\",
            \\"staticVariableContent\\": \\"https://reviews.service\\"
          },
          \\"baseUrl\\": {
            \\"kind\\": 0,
            \\"environmentVariableDefaultValue\\": \\"\\",
            \\"environmentVariableName\\": \\"\\",
            \\"placeholderVariableName\\": \\"\\",
            \\"staticVariableContent\\": \\"\\"
          },
          \\"path\\": {
            \\"kind\\": 0,
            \\"environmentVariableDefaultValue\\": \\"\\",
            \\"environmentVariableName\\": \\"\\",
            \\"placeholderVariableName\\": \\"\\",
            \\"staticVariableContent\\": \\"\\"
          },
          \\"method\\": 1,
          \\"body\\": {
            \\"kind\\": 0,
            \\"environmentVariableDefaultValue\\": \\"\\",
            \\"environmentVariableName\\": \\"\\",
            \\"placeholderVariableName\\": \\"\\",
            \\"staticVariableContent\\": \\"\\"
          },
          \\"header\\": {},
          \\"query\\": [],
          \\"urlEncodeBody\\": false
        },
        \\"UpstreamSchema\\": \\"\\"
      },
      \\"Directives\\": []
    },
    {
      \\"Kind\\": 2,
      \\"RootNodes\\": [
        {
          \\"typeName\\": \\"Product\\",
          \\"fieldNames\\": [
            \\"inStock\\",
            \\"shippingEstimate\\"
          ]
        }
      ],
      \\"ChildNodes\\": [
        {
          \\"typeName\\": \\"Product\\",
          \\"fieldNames\\": [
            \\"upc\\"
          ]
        }
      ],
      \\"Custom\\": {
        \\"Federation\\": {
          \\"Enabled\\": true,
          \\"ServiceSDL\\": \\"type Product @extends @key(fields: \\\\\\"upc\\\\\\") {     upc: String! @external     weight: Int @external     price: Int @external     inStock: Boolean     shippingEstimate: Int @requires(fields: \\\\\\"price weight\\\\\\") }\\"
        },
        \\"Subscription\\": {
          \\"Enabled\\": false,
          \\"URL\\": {
            \\"kind\\": 0,
            \\"environmentVariableDefaultValue\\": \\"\\",
            \\"environmentVariableName\\": \\"\\",
            \\"placeholderVariableName\\": \\"\\",
            \\"staticVariableContent\\": \\"\\"
          }
        },
        \\"Fetch\\": {
          \\"url\\": {
            \\"kind\\": 0,
            \\"environmentVariableDefaultValue\\": \\"\\",
            \\"environmentVariableName\\": \\"\\",
            \\"placeholderVariableName\\": \\"\\",
            \\"staticVariableContent\\": \\"https://inventory.service\\"
          },
          \\"baseUrl\\": {
            \\"kind\\": 0,
            \\"environmentVariableDefaultValue\\": \\"\\",
            \\"environmentVariableName\\": \\"\\",
            \\"placeholderVariableName\\": \\"\\",
            \\"staticVariableContent\\": \\"\\"
          },
          \\"path\\": {
            \\"kind\\": 0,
            \\"environmentVariableDefaultValue\\": \\"\\",
            \\"environmentVariableName\\": \\"\\",
            \\"placeholderVariableName\\": \\"\\",
            \\"staticVariableContent\\": \\"\\"
          },
          \\"method\\": 1,
          \\"query\\": [],
          \\"header\\": {},
          \\"body\\": {
            \\"kind\\": 0,
            \\"environmentVariableDefaultValue\\": \\"\\",
            \\"environmentVariableName\\": \\"\\",
            \\"placeholderVariableName\\": \\"\\",
            \\"staticVariableContent\\": \\"\\"
          },
          \\"urlEncodeBody\\": false
        },
        \\"UpstreamSchema\\": \\"\\"
      },
      \\"Directives\\": []
    },
    {
      \\"Kind\\": 0,
      \\"RootNodes\\": [
        {
          \\"typeName\\": \\"User\\",
          \\"fieldNames\\": [
            \\"_join\\"
          ]
        }
      ],
      \\"Custom\\": {
        \\"data\\": {
          \\"kind\\": 0,
          \\"staticVariableContent\\": \\"{}\\",
          \\"placeholderVariableName\\": \\"\\",
          \\"environmentVariableDefaultValue\\": \\"\\",
          \\"environmentVariableName\\": \\"\\"
        }
      },
      \\"ChildNodes\\": [],
      \\"Directives\\": []
    },
    {
      \\"Kind\\": 0,
      \\"RootNodes\\": [
        {
          \\"typeName\\": \\"Product\\",
          \\"fieldNames\\": [
            \\"_join\\"
          ]
        }
      ],
      \\"Custom\\": {
        \\"data\\": {
          \\"kind\\": 0,
          \\"staticVariableContent\\": \\"{}\\",
          \\"placeholderVariableName\\": \\"\\",
          \\"environmentVariableDefaultValue\\": \\"\\",
          \\"environmentVariableName\\": \\"\\"
        }
      },
      \\"ChildNodes\\": [],
      \\"Directives\\": []
    },
    {
      \\"Kind\\": 0,
      \\"RootNodes\\": [
        {
          \\"typeName\\": \\"Review\\",
          \\"fieldNames\\": [
            \\"_join\\"
          ]
        }
      ],
      \\"Custom\\": {
        \\"data\\": {
          \\"kind\\": 0,
          \\"staticVariableContent\\": \\"{}\\",
          \\"placeholderVariableName\\": \\"\\",
          \\"environmentVariableDefaultValue\\": \\"\\",
          \\"environmentVariableName\\": \\"\\"
        }
      },
      \\"ChildNodes\\": [],
      \\"Directives\\": []
    }
  ],
  \\"Fields\\": [
    {
      \\"typeName\\": \\"Query\\",
      \\"fieldName\\": \\"topProducts\\",
      \\"argumentsConfiguration\\": [
        {
          \\"name\\": \\"first\\",
          \\"sourceType\\": 1,
          \\"sourcePath\\": [],
          \\"renderConfiguration\\": 1
        }
      ],
      \\"requiresFields\\": [],
      \\"path\\": [],
      \\"disableDefaultFieldMapping\\": false,
      \\"unescapeResponseJson\\": false
    },
    {
      \\"typeName\\": \\"User\\",
      \\"fieldName\\": \\"reviews\\",
      \\"requiresFields\\": [
        \\"id\\"
      ],
      \\"path\\": [],
      \\"argumentsConfiguration\\": [],
      \\"disableDefaultFieldMapping\\": false,
      \\"unescapeResponseJson\\": false
    },
    {
      \\"typeName\\": \\"Product\\",
      \\"fieldName\\": \\"reviews\\",
      \\"requiresFields\\": [
        \\"upc\\"
      ],
      \\"argumentsConfiguration\\": [],
      \\"path\\": [],
      \\"disableDefaultFieldMapping\\": false,
      \\"unescapeResponseJson\\": false
    },
    {
      \\"typeName\\": \\"Product\\",
      \\"fieldName\\": \\"inStock\\",
      \\"requiresFields\\": [
        \\"upc\\"
      ],
      \\"path\\": [],
      \\"argumentsConfiguration\\": [],
      \\"disableDefaultFieldMapping\\": false,
      \\"unescapeResponseJson\\": false
    },
    {
      \\"typeName\\": \\"Product\\",
      \\"fieldName\\": \\"shippingEstimate\\",
      \\"requiresFields\\": [
        \\"upc\\"
      ],
      \\"argumentsConfiguration\\": [],
      \\"path\\": [],
      \\"disableDefaultFieldMapping\\": false,
      \\"unescapeResponseJson\\": false
    },
    {
      \\"typeName\\": \\"User\\",
      \\"fieldName\\": \\"_join\\",
      \\"disableDefaultFieldMapping\\": true,
      \\"path\\": [
        \\"_join\\"
      ],
      \\"requiresFields\\": [],
      \\"argumentsConfiguration\\": [],
      \\"unescapeResponseJson\\": false
    },
    {
      \\"typeName\\": \\"Product\\",
      \\"fieldName\\": \\"_join\\",
      \\"disableDefaultFieldMapping\\": true,
      \\"path\\": [
        \\"_join\\"
      ],
      \\"requiresFields\\": [],
      \\"argumentsConfiguration\\": [],
      \\"unescapeResponseJson\\": false
    },
    {
      \\"typeName\\": \\"Review\\",
      \\"fieldName\\": \\"_join\\",
      \\"disableDefaultFieldMapping\\": true,
      \\"path\\": [
        \\"_join\\"
      ],
      \\"requiresFields\\": [],
      \\"argumentsConfiguration\\": [],
      \\"unescapeResponseJson\\": false
    }
  ],
  \\"Types\\": [],
  \\"interpolateVariableDefinitionAsJSON\\": []
}"
`;

exports[`Should be merged: merged_schema 1`] = `
"directive @fromClaim(name: Claim) on VARIABLE_DEFINITION

directive @hooksVariable on VARIABLE_DEFINITION

directive @jsonSchema(
  \\"\\"\\"
  The value of both of these keywords MUST be a string.
  
  Both of these keywords can be used to decorate a user interface with
  information about the data produced by this user interface.  A title
  will preferably be short, whereas a description will provide
  explanation about the purpose of the instance described by this
  schema.
  \\"\\"\\"
  title: String
  \\"\\"\\"
  The value of both of these keywords MUST be a string.
  
  Both of these keywords can be used to decorate a user interface with
  information about the data produced by this user interface.  A title
  will preferably be short, whereas a description will provide
  explanation about the purpose of the instance described by this
  schema.
  \\"\\"\\"
  description: String
  \\"\\"\\"
  The value of \\"multipleOf\\" MUST be a number, strictly greater than 0.
  
  A numeric instance is valid only if division by this keyword's value
  results in an integer.
  \\"\\"\\"
  multipleOf: Int
  \\"\\"\\"
  The value of \\"maximum\\" MUST be a number, representing an inclusive
  upper limit for a numeric instance.
  
  If the instance is a number, then this keyword validates only if the
  instance is less than or exactly equal to \\"maximum\\".
  \\"\\"\\"
  maximum: Int
  \\"\\"\\"
  The value of \\"exclusiveMaximum\\" MUST be number, representing an
  exclusive upper limit for a numeric instance.
  
  If the instance is a number, then the instance is valid only if it
  has a value strictly less than (not equal to) \\"exclusiveMaximum\\".
  \\"\\"\\"
  exclusiveMaximum: Int
  \\"\\"\\"
  The value of \\"minimum\\" MUST be a number, representing an inclusive
  lower limit for a numeric instance.
  
  If the instance is a number, then this keyword validates only if the
  instance is greater than or exactly equal to \\"minimum\\".
  \\"\\"\\"
  minimum: Int
  \\"\\"\\"
  The value of \\"exclusiveMinimum\\" MUST be number, representing an
  exclusive lower limit for a numeric instance.
  
  If the instance is a number, then the instance is valid only if it
  has a value strictly greater than (not equal to) \\"exclusiveMinimum\\".
  \\"\\"\\"
  exclusiveMinimum: Int
  \\"\\"\\"
  The value of this keyword MUST be a non-negative integer.
  
  A string instance is valid against this keyword if its length is less
  than, or equal to, the value of this keyword.
  
  The length of a string instance is defined as the number of its
  characters as defined by RFC 7159 [RFC7159].
  \\"\\"\\"
  maxLength: Int
  \\"\\"\\"
  The value of this keyword MUST be a non-negative integer.
  
  A string instance is valid against this keyword if its length is
  greater than, or equal to, the value of this keyword.
  
  The length of a string instance is defined as the number of its
  characters as defined by RFC 7159 [RFC7159].
  
  Omitting this keyword has the same behavior as a value of 0.
  \\"\\"\\"
  minLength: Int
  \\"\\"\\"
  The value of this keyword MUST be a string.  This string SHOULD be a
  valid regular expression, according to the ECMA 262 regular
  expression dialect.
  
  A string instance is considered valid if the regular expression
  matches the instance successfully.  Recall: regular expressions are
  not implicitly anchored.
  \\"\\"\\"
  pattern: String
  \\"\\"\\"
  The value of this keyword MUST be a non-negative integer.
  
  An array instance is valid against \\"maxItems\\" if its size is less
  than, or equal to, the value of this keyword.
  \\"\\"\\"
  maxItems: Int
  \\"\\"\\"
  The value of this keyword MUST be a non-negative integer.
  
  An array instance is valid against \\"minItems\\" if its size is greater
  than, or equal to, the value of this keyword.
  
  Omitting this keyword has the same behavior as a value of 0.
  \\"\\"\\"
  minItems: Int
  \\"\\"\\"
  The value of this keyword MUST be a boolean.
  
  If this keyword has boolean value false, the instance validates
  successfully.  If it has boolean value true, the instance validates
  successfully if all of its elements are unique.
  
  Omitting this keyword has the same behavior as a value of false.
  \\"\\"\\"
  uniqueItems: Boolean
  commonPattern: COMMON_REGEX_PATTERN
) on VARIABLE_DEFINITION

\\"\\"\\"
The directive @injectCurrentDateTime injects a DateTime string of the current date and time into the variable.
This variable MUST be a string compatible scalar. 

The default format, is: ISO 8601
If no format is chosen, the default format is used.
Custom formats are allowed by specifying a format conforming to the Golang specification for specifying a date time format.
\\"\\"\\"
directive @injectCurrentDateTime(
  format: WunderGraphDateTimeFormat = ISO8601
  \\"\\"\\"
  customFormat must conform to the Golang specification for specifying a date time format
  \\"\\"\\"
  customFormat: String
) on VARIABLE_DEFINITION

\\"\\"\\"
The directive @injectGeneratedUUID injects a generated UUID into the variable.
This variable MUST be a string.
At the same time, it removes the variable from the input definition,
disallowing the user to supply it.

This means, the UUID is 100% generated server-side and can be considered untempered.
\\"\\"\\"
directive @injectGeneratedUUID on VARIABLE_DEFINITION

\\"\\"\\"
The @internalOperation Directive marks an Operation as internal.
By doing so, the Operation is no longer accessible from the public API.
It can only be accessed by internal services, like hooks.
\\"\\"\\"
directive @internalOperation on QUERY | MUTATION | SUBSCRIPTION

\\"\\"\\"
The directive @injectEnvironmentVariable allows you to inject an environment variable into the variable definition.
\\"\\"\\"
directive @injectEnvironmentVariable(name: String!) on VARIABLE_DEFINITION

\\"\\"\\"
The @export directive instructs the Execution Planner to export the field during the execution into the variable of the 'as' argument.
As the execution is depth first, a field can only be used after it has been exported.
Additionally, a field can only be used after using the '_join' field or on a different data source.
It's not possible to export a field and use it in for the same data source.

Note that the @export directive only works on fields that return a single value.
It's not possible to export a list or object field.
\\"\\"\\"
directive @export(
  \\"\\"\\"The argument 'as' is the name of the variable to export the field to.\\"\\"\\"
  as: String!
) on FIELD

\\"\\"\\"
The directive @internal marks a variable definition as internal so that clients can't access it.
The field is also not visible in the public API.
It's only being used as an internal variable to export fields into.
\\"\\"\\"
directive @internal on VARIABLE_DEFINITION

\\"\\"\\"
The @transform directive allows to apply transformations to the response.
By applying the directive, the shape of the response can be altered,
which will also modify the JSON-Schema of the response.
That is, you will keep full type safety and code-generation for transformed fields.
\\"\\"\\"
directive @transform(
  \\"\\"\\"
  Using the 'get' transformation allows you to extract a nested field using a JSON path.
  This is useful to unnest data, e.g. when using the '_join' field, which adds an extra layer of nesting.
  
  Example:
  
  query GetName {
      name: me @transform(get: \\"info.name\\") {
          info {
              name
          }
      }
  }
  
  Before the transformation, the resolve looks like this:
  
  {
      \\"name\\": {
          \\"info\\": {
              \\"name\\": \\"John Doe\\"
          }
      }
  }
  
  With the transformation applied, the response will be reshaped like this:
  
  {
      \\"name\\": \\"John Doe\\"
  }
  \\"\\"\\"
  get: String
) on FIELD

type Query {
  me: User
  topProducts(first: Int = 5): [Product]
}

type User {
  id: ID!
  name: String
  username: String
  reviews: [Review]
  _join: Query!
}

type Product {
  upc: String!
  name: String
  price: Int
  weight: Int
  reviews: [Review]
  inStock: Boolean
  shippingEstimate: Int
  _join: Query!
}

type Review {
  id: ID!
  body: String
  author: User
  product: Product
  _join: Query!
}

enum Claim {
  EMAIL
  EMAIL_VERIFIED
  NAME
  NICKNAME
  LOCATION
  PROVIDER
}

enum COMMON_REGEX_PATTERN {
  EMAIL
  DOMAIN
}

enum WunderGraphDateTimeFormat {
  \\"\\"\\"2006-01-02T15:04:05-0700\\"\\"\\"
  ISO8601
  \\"\\"\\"Mon Jan _2 15:04:05 2006\\"\\"\\"
  ANSIC
  \\"\\"\\"Mon Jan _2 15:04:05 MST 2006\\"\\"\\"
  UnixDate
  \\"\\"\\"Mon Jan 02 15:04:05 -0700 2006\\"\\"\\"
  RubyDate
  \\"\\"\\"02 Jan 06 15:04 MST\\"\\"\\"
  RFC822
  \\"\\"\\"02 Jan 06 15:04 -0700\\"\\"\\"
  RFC822Z
  \\"\\"\\"Monday, 02-Jan-06 15:04:05 MST\\"\\"\\"
  RFC850
  \\"\\"\\"Mon, 02 Jan 2006 15:04:05 MST\\"\\"\\"
  RFC1123
  \\"\\"\\"Mon, 02 Jan 2006 15:04:05 -0700\\"\\"\\"
  RFC1123Z
  \\"\\"\\"2006-01-02T15:04:05Z07:00\\"\\"\\"
  RFC3339
  \\"\\"\\"2006-01-02T15:04:05.999999999Z07:00\\"\\"\\"
  RFC3339Nano
  \\"\\"\\"3:04PM\\"\\"\\"
  Kitchen
  \\"\\"\\"Jan _2 15:04:05\\"\\"\\"
  Stamp
  \\"\\"\\"Jan _2 15:04:05.000\\"\\"\\"
  StampMilli
  \\"\\"\\"Jan _2 15:04:05.000000\\"\\"\\"
  StampMicro
  \\"\\"\\"Jan _2 15:04:05.000000000\\"\\"\\"
  StampNano
}"
`;
