// Jest Snapshot v1, https://goo.gl/fbAQLP

exports[`parseGraphQLOperations 1`] = `
{
  "operations": [
    {
      "AuthenticationConfig": {
        "required": false,
      },
      "AuthorizationConfig": {
        "claims": [],
        "roleConfig": {
          "denyMatchAll": [],
          "denyMatchAny": [],
          "requireMatchAll": [],
          "requireMatchAny": [],
        },
      },
      "Content": "{me{name reviews{id body}}}",
      "ExecutionEngine": 0,
      "HooksConfiguration": {
        "customResolve": false,
        "httpTransportOnRequest": false,
        "httpTransportOnResponse": false,
        "mockResolve": {
          "enable": false,
          "subscriptionPollingIntervalMillis": 0,
        },
        "mutatingPostResolve": false,
        "mutatingPreResolve": false,
        "postResolve": false,
        "preResolve": false,
      },
      "InjectedVariablesSchema": {
        "additionalProperties": false,
        "properties": {},
        "type": "object",
      },
      "Internal": false,
      "InternalVariablesSchema": {
        "additionalProperties": false,
        "properties": {},
        "type": "object",
      },
      "InterpolationVariablesSchema": {
        "additionalProperties": false,
        "properties": {},
        "type": "object",
      },
      "Name": "MyReviews",
      "OperationType": 0,
      "PathName": "MyReviews",
      "PostResolveTransformations": undefined,
      "ResponseSchema": {
        "additionalProperties": false,
        "properties": {
          "data": {
            "additionalProperties": false,
            "properties": {
              "me": {
                "additionalProperties": false,
                "properties": {
                  "name": {
                    "type": "string",
                  },
                  "reviews": {
                    "items": {
                      "additionalProperties": false,
                      "properties": {
                        "body": {
                          "type": "string",
                        },
                        "id": {
                          "type": "string",
                        },
                      },
                      "required": [
                        "id",
                      ],
                      "type": "object",
                    },
                    "type": "array",
                  },
                },
                "type": "object",
              },
            },
            "type": "object",
          },
        },
        "type": "object",
      },
      "VariablesConfiguration": {
        "injectVariables": [],
      },
      "VariablesSchema": {
        "additionalProperties": false,
        "properties": {},
        "type": "object",
      },
    },
    {
      "AuthenticationConfig": {
        "required": false,
      },
      "AuthorizationConfig": {
        "claims": [],
        "roleConfig": {
          "denyMatchAll": [],
          "denyMatchAny": [],
          "requireMatchAll": [],
          "requireMatchAny": [],
        },
      },
      "Content": "mutation($petInput:PetInput!){postPets(petInput:$petInput){name}}",
      "ExecutionEngine": 0,
      "HooksConfiguration": {
        "customResolve": false,
        "httpTransportOnRequest": false,
        "httpTransportOnResponse": false,
        "mockResolve": {
          "enable": false,
          "subscriptionPollingIntervalMillis": 0,
        },
        "mutatingPostResolve": false,
        "mutatingPreResolve": false,
        "postResolve": false,
        "preResolve": false,
      },
      "InjectedVariablesSchema": {
        "additionalProperties": false,
        "definitions": {
          "PetInput": {
            "additionalProperties": false,
            "properties": {
              "id": {
                "type": "string",
              },
              "name": {
                "type": [
                  "string",
                  "null",
                ],
              },
            },
            "required": [
              "id",
            ],
            "type": "object",
          },
        },
        "properties": {
          "petInput": {
            "$ref": "#/definitions/PetInput",
          },
        },
        "required": [
          "petInput",
        ],
        "type": "object",
      },
      "Internal": false,
      "InternalVariablesSchema": {
        "additionalProperties": false,
        "definitions": {
          "PetInput": {
            "additionalProperties": false,
            "properties": {
              "id": {
                "type": "string",
              },
              "name": {
                "type": [
                  "string",
                  "null",
                ],
              },
            },
            "required": [
              "id",
            ],
            "type": "object",
          },
        },
        "properties": {
          "petInput": {
            "$ref": "#/definitions/PetInput",
          },
        },
        "required": [
          "petInput",
        ],
        "type": "object",
      },
      "InterpolationVariablesSchema": {
        "additionalProperties": false,
        "definitions": {
          "PetInput": {
            "additionalProperties": false,
            "properties": {
              "id": {
                "type": "string",
              },
              "name": {
                "type": [
                  "string",
                  "null",
                ],
              },
            },
            "required": [
              "id",
            ],
            "type": "object",
          },
        },
        "properties": {
          "petInput": {
            "$ref": "#/definitions/PetInput",
          },
        },
        "required": [
          "petInput",
        ],
        "type": "object",
      },
      "Name": "CreatePet",
      "OperationType": 1,
      "PathName": "CreatePet",
      "PostResolveTransformations": undefined,
      "ResponseSchema": {
        "additionalProperties": false,
        "properties": {
          "data": {
            "additionalProperties": false,
            "properties": {
              "postPets": {
                "additionalProperties": false,
                "properties": {
                  "name": {
                    "type": "string",
                  },
                },
                "type": "object",
              },
            },
            "type": "object",
          },
        },
        "type": "object",
      },
      "VariablesConfiguration": {
        "injectVariables": [],
      },
      "VariablesSchema": {
        "additionalProperties": false,
        "definitions": {
          "PetInput": {
            "additionalProperties": false,
            "properties": {
              "id": {
                "type": "string",
              },
              "name": {
                "type": [
                  "string",
                  "null",
                ],
              },
            },
            "required": [
              "id",
            ],
            "type": "object",
          },
        },
        "properties": {
          "petInput": {
            "$ref": "#/definitions/PetInput",
          },
        },
        "required": [
          "petInput",
        ],
        "type": "object",
      },
    },
    {
      "AuthenticationConfig": {
        "required": false,
      },
      "AuthorizationConfig": {
        "claims": [],
        "roleConfig": {
          "denyMatchAll": [],
          "denyMatchAny": [],
          "requireMatchAll": [],
          "requireMatchAny": [],
        },
      },
      "Content": "subscription@internalOperation{newPets{name}}",
      "ExecutionEngine": 0,
      "HooksConfiguration": {
        "customResolve": false,
        "httpTransportOnRequest": false,
        "httpTransportOnResponse": false,
        "mockResolve": {
          "enable": false,
          "subscriptionPollingIntervalMillis": 0,
        },
        "mutatingPostResolve": false,
        "mutatingPreResolve": false,
        "postResolve": false,
        "preResolve": false,
      },
      "InjectedVariablesSchema": {
        "additionalProperties": false,
        "properties": {},
        "type": "object",
      },
      "Internal": true,
      "InternalVariablesSchema": {
        "additionalProperties": false,
        "properties": {},
        "type": "object",
      },
      "InterpolationVariablesSchema": {
        "additionalProperties": false,
        "properties": {},
        "type": "object",
      },
      "Name": "NewPets",
      "OperationType": 2,
      "PathName": "NewPets",
      "PostResolveTransformations": undefined,
      "ResponseSchema": {
        "additionalProperties": false,
        "properties": {
          "data": {
            "additionalProperties": false,
            "properties": {
              "newPets": {
                "additionalProperties": false,
                "properties": {
                  "name": {
                    "type": "string",
                  },
                },
                "type": "object",
              },
            },
            "type": "object",
          },
        },
        "type": "object",
      },
      "VariablesConfiguration": {
        "injectVariables": [],
      },
      "VariablesSchema": {
        "additionalProperties": false,
        "properties": {},
        "type": "object",
      },
    },
    {
      "AuthenticationConfig": {
        "required": false,
      },
      "AuthorizationConfig": {
        "claims": [],
        "roleConfig": {
          "denyMatchAll": [],
          "denyMatchAny": [],
          "requireMatchAll": [],
          "requireMatchAny": [],
        },
      },
      "Content": "mutation($input:TestType_Input!){test_endpoint(input:$input){...on A_const_container{A_const}...on mutation_test_endpoint_oneOf_1{B}}}",
      "ExecutionEngine": 0,
      "HooksConfiguration": {
        "customResolve": false,
        "httpTransportOnRequest": false,
        "httpTransportOnResponse": false,
        "mockResolve": {
          "enable": false,
          "subscriptionPollingIntervalMillis": 0,
        },
        "mutatingPostResolve": false,
        "mutatingPreResolve": false,
        "postResolve": false,
        "preResolve": false,
      },
      "InjectedVariablesSchema": {
        "additionalProperties": false,
        "definitions": {
          "TestType_Input": {
            "oneOf": [
              {
                "additionalProperties": false,
                "properties": {
                  "A_const": {
                    "enum": [
                      "A",
                    ],
                    "type": [
                      "string",
                      "null",
                    ],
                    "x-graphql-enum-name": "A_const",
                  },
                },
                "type": "object",
              },
              {
                "additionalProperties": false,
                "properties": {
                  "mutation_test_endpoint_oneOf_1_Input": {
                    "$ref": "#/definitions/mutation_test_endpoint_oneOf_1_Input",
                  },
                },
                "type": "object",
              },
            ],
            "type": "object",
          },
          "mutation_test_endpoint_oneOf_1_Input": {
            "additionalProperties": false,
            "properties": {
              "B": {
                "type": [
                  "string",
                  "null",
                ],
              },
            },
            "type": [
              "object",
              "null",
            ],
          },
        },
        "properties": {
          "input": {
            "$ref": "#/definitions/TestType_Input",
          },
        },
        "required": [
          "input",
        ],
        "type": "object",
      },
      "Internal": false,
      "InternalVariablesSchema": {
        "additionalProperties": false,
        "definitions": {
          "TestType_Input": {
            "oneOf": [
              {
                "additionalProperties": false,
                "properties": {
                  "A_const": {
                    "enum": [
                      "A",
                    ],
                    "type": [
                      "string",
                      "null",
                    ],
                    "x-graphql-enum-name": "A_const",
                  },
                },
                "type": "object",
              },
              {
                "additionalProperties": false,
                "properties": {
                  "mutation_test_endpoint_oneOf_1_Input": {
                    "$ref": "#/definitions/mutation_test_endpoint_oneOf_1_Input",
                  },
                },
                "type": "object",
              },
            ],
            "type": "object",
          },
          "mutation_test_endpoint_oneOf_1_Input": {
            "additionalProperties": false,
            "properties": {
              "B": {
                "type": [
                  "string",
                  "null",
                ],
              },
            },
            "type": [
              "object",
              "null",
            ],
          },
        },
        "properties": {
          "input": {
            "$ref": "#/definitions/TestType_Input",
          },
        },
        "required": [
          "input",
        ],
        "type": "object",
      },
      "InterpolationVariablesSchema": {
        "additionalProperties": false,
        "definitions": {
          "TestType_Input": {
            "oneOf": [
              {
                "additionalProperties": false,
                "properties": {
                  "A_const": {
                    "enum": [
                      "A",
                    ],
                    "type": [
                      "string",
                      "null",
                    ],
                    "x-graphql-enum-name": "A_const",
                  },
                },
                "type": "object",
              },
              {
                "additionalProperties": false,
                "properties": {
                  "mutation_test_endpoint_oneOf_1_Input": {
                    "$ref": "#/definitions/mutation_test_endpoint_oneOf_1_Input",
                  },
                },
                "type": "object",
              },
            ],
            "type": "object",
          },
          "mutation_test_endpoint_oneOf_1_Input": {
            "additionalProperties": false,
            "properties": {
              "B": {
                "type": [
                  "string",
                  "null",
                ],
              },
            },
            "type": [
              "object",
              "null",
            ],
          },
        },
        "properties": {
          "input": {
            "$ref": "#/definitions/TestType_Input",
          },
        },
        "required": [
          "input",
        ],
        "type": "object",
      },
      "Name": "MutationWithUnionInput",
      "OperationType": 1,
      "PathName": "MutationWithUnionInput",
      "PostResolveTransformations": undefined,
      "ResponseSchema": {
        "additionalProperties": false,
        "properties": {
          "data": {
            "additionalProperties": false,
            "properties": {
              "test_endpoint": {
                "additionalProperties": false,
                "properties": {
                  "A_const": {
                    "enum": [
                      "A",
                    ],
                    "type": "string",
                  },
                  "B": {
                    "type": "string",
                  },
                },
                "type": "object",
              },
            },
            "type": "object",
          },
        },
        "type": "object",
      },
      "VariablesConfiguration": {
        "injectVariables": [],
      },
      "VariablesSchema": {
        "additionalProperties": false,
        "definitions": {
          "TestType_Input": {
            "oneOf": [
              {
                "additionalProperties": false,
                "properties": {
                  "A_const": {
                    "enum": [
                      "A",
                    ],
                    "type": [
                      "string",
                      "null",
                    ],
                    "x-graphql-enum-name": "A_const",
                  },
                },
                "type": "object",
              },
              {
                "additionalProperties": false,
                "properties": {
                  "mutation_test_endpoint_oneOf_1_Input": {
                    "$ref": "#/definitions/mutation_test_endpoint_oneOf_1_Input",
                  },
                },
                "type": "object",
              },
            ],
            "type": "object",
          },
          "mutation_test_endpoint_oneOf_1_Input": {
            "additionalProperties": false,
            "properties": {
              "B": {
                "type": [
                  "string",
                  "null",
                ],
              },
            },
            "type": [
              "object",
              "null",
            ],
          },
        },
        "properties": {
          "input": {
            "$ref": "#/definitions/TestType_Input",
          },
        },
        "required": [
          "input",
        ],
        "type": "object",
      },
    },
  ],
}
`;
