// Jest Snapshot v1, https://goo.gl/fbAQLP

exports[`cleanupSchema renamed query types should rename query type 1`] = `
"schema {
  query: Query
  mutation: Mutation
  subscription: Subscription
}

type Query {
  foo: String
}

type Mutation {
  foo: String
}

type Subscription {
  foo: String
}

type Foo {
  queryViewer: Query
  mutationViewer: Mutation
  subscriptionViewer: Subscription
}"
`;
