{
  "errors": [
    {
      "message": "field: name not defined on type: User",
      "path": [
        "query",
        "me",
        "name"
      ]
    }
  ]
}