{
  "data": {
    "topProducts": [
      {
        "name": "A",
        "price": 1,
        "upc": "1"
      }
    ]
  }
}